

================================================================
== Vivado HLS Report for 'image_filter_Dilate_32_32_1080_1920_s'
================================================================
* Date:           Fri Sep 11 21:49:26 2015

* Version:        2015.2 (Build 1266856 on Fri Jun 26 16:57:37 PM 2015)
* Project:        prj
* Solution:       solution1
* Product family: zynq
* Target device:  xc7z020clg484-1


================================================================
== Performance Estimates
================================================================
+ Timing (ns): 
    * Summary: 
    +--------+-------+----------+------------+
    |  Clock | Target| Estimated| Uncertainty|
    +--------+-------+----------+------------+
    |ap_clk  |   6.67|      5.63|        0.83|
    +--------+-------+----------+------------+

+ Latency (clock cycles): 
    * Summary: 
    +-----+---------+-----+---------+---------+
    |    Latency    |    Interval   | Pipeline|
    | min |   max   | min |   max   |   Type  |
    +-----+---------+-----+---------+---------+
    |  296|  2098400|  296|  2098400|   none  |
    +-----+---------+-----+---------+---------+

    + Detail: 
        * Instance: 
        N/A

        * Loop: 
        +---------------+-----+---------+-----------+-----------+-----------+-----------+----------+
        |               |    Latency    | Iteration |  Initiation Interval  |    Trip   |          |
        |   Loop Name   | min |   max   |  Latency  |  achieved |   target  |   Count   | Pipelined|
        +---------------+-----+---------+-----------+-----------+-----------+-----------+----------+
        |- Loop 1       |    2|        2|          1|          -|          -|          3|    no    |
        |- Loop 2       |    2|        2|          1|          -|          -|          3|    no    |
        |- Loop 3       |    2|        2|          1|          -|          -|          3|    no    |
        |- loop_height  |  286|  2098390| 22 ~ 1934 |          -|          -| 13 ~ 1085 |    no    |
        | + loop_width  |   18|     1930|         10|          1|          1| 10 ~ 1922 |    yes   |
        +---------------+-----+---------+-----------+-----------+-----------+-----------+----------+



================================================================
== Utilization Estimates
================================================================
* Summary: 
+-----------------+---------+-------+--------+-------+
|       Name      | BRAM_18K| DSP48E|   FF   |  LUT  |
+-----------------+---------+-------+--------+-------+
|Expression       |        -|      -|       0|   1005|
|FIFO             |        -|      -|       -|      -|
|Instance         |        -|      -|       0|      0|
|Memory           |        9|      -|       0|      0|
|Multiplexer      |        -|      -|       -|    131|
|Register         |        -|      -|    1082|     55|
+-----------------+---------+-------+--------+-------+
|Total            |        9|      0|    1082|   1191|
+-----------------+---------+-------+--------+-------+
|Available        |      280|    220|  106400|  53200|
+-----------------+---------+-------+--------+-------+
|Utilization (%)  |        3|      0|       1|      2|
+-----------------+---------+-------+--------+-------+

+ Detail: 
    * Instance: 
    +-------------------------------------+--------------------------------+---------+-------+---+----+
    |               Instance              |             Module             | BRAM_18K| DSP48E| FF| LUT|
    +-------------------------------------+--------------------------------+---------+-------+---+----+
    |image_filter_mux_3to1_sel2_8_1_U104  |image_filter_mux_3to1_sel2_8_1  |        0|      0|  0|   0|
    |image_filter_mux_3to1_sel2_8_1_U105  |image_filter_mux_3to1_sel2_8_1  |        0|      0|  0|   0|
    |image_filter_mux_3to1_sel2_8_1_U106  |image_filter_mux_3to1_sel2_8_1  |        0|      0|  0|   0|
    |image_filter_mux_3to1_sel2_8_1_U107  |image_filter_mux_3to1_sel2_8_1  |        0|      0|  0|   0|
    |image_filter_mux_3to1_sel2_8_1_U108  |image_filter_mux_3to1_sel2_8_1  |        0|      0|  0|   0|
    |image_filter_mux_3to1_sel2_8_1_U109  |image_filter_mux_3to1_sel2_8_1  |        0|      0|  0|   0|
    |image_filter_mux_3to1_sel2_8_1_U110  |image_filter_mux_3to1_sel2_8_1  |        0|      0|  0|   0|
    |image_filter_mux_3to1_sel2_8_1_U111  |image_filter_mux_3to1_sel2_8_1  |        0|      0|  0|   0|
    |image_filter_mux_3to1_sel2_8_1_U112  |image_filter_mux_3to1_sel2_8_1  |        0|      0|  0|   0|
    |image_filter_mux_3to1_sel2_8_1_U113  |image_filter_mux_3to1_sel2_8_1  |        0|      0|  0|   0|
    |image_filter_mux_3to1_sel2_8_1_U114  |image_filter_mux_3to1_sel2_8_1  |        0|      0|  0|   0|
    |image_filter_mux_3to1_sel2_8_1_U115  |image_filter_mux_3to1_sel2_8_1  |        0|      0|  0|   0|
    |image_filter_mux_3to1_sel2_8_1_U116  |image_filter_mux_3to1_sel2_8_1  |        0|      0|  0|   0|
    |image_filter_mux_3to1_sel2_8_1_U117  |image_filter_mux_3to1_sel2_8_1  |        0|      0|  0|   0|
    |image_filter_mux_3to1_sel2_8_1_U118  |image_filter_mux_3to1_sel2_8_1  |        0|      0|  0|   0|
    |image_filter_mux_3to1_sel2_8_1_U119  |image_filter_mux_3to1_sel2_8_1  |        0|      0|  0|   0|
    |image_filter_mux_3to1_sel2_8_1_U120  |image_filter_mux_3to1_sel2_8_1  |        0|      0|  0|   0|
    |image_filter_mux_3to1_sel2_8_1_U121  |image_filter_mux_3to1_sel2_8_1  |        0|      0|  0|   0|
    +-------------------------------------+--------------------------------+---------+-------+---+----+
    |Total                                |                                |        0|      0|  0|   0|
    +-------------------------------------+--------------------------------+---------+-------+---+----+

    * Memory: 
    +-----------------+-------------------------------------+---------+---+----+------+-----+------+-------------+
    |      Memory     |                Module               | BRAM_18K| FF| LUT| Words| Bits| Banks| W*Bits*Banks|
    +-----------------+-------------------------------------+---------+---+----+------+-----+------+-------------+
    |k_buf_0_val_0_U  |image_filter_Filter2D_k_buf_0_val_0  |        1|  0|   0|  1920|    8|     1|        15360|
    |k_buf_0_val_1_U  |image_filter_Filter2D_k_buf_0_val_0  |        1|  0|   0|  1920|    8|     1|        15360|
    |k_buf_0_val_2_U  |image_filter_Filter2D_k_buf_0_val_0  |        1|  0|   0|  1920|    8|     1|        15360|
    |k_buf_1_val_0_U  |image_filter_Filter2D_k_buf_0_val_0  |        1|  0|   0|  1920|    8|     1|        15360|
    |k_buf_1_val_1_U  |image_filter_Filter2D_k_buf_0_val_0  |        1|  0|   0|  1920|    8|     1|        15360|
    |k_buf_1_val_2_U  |image_filter_Filter2D_k_buf_0_val_0  |        1|  0|   0|  1920|    8|     1|        15360|
    |k_buf_2_val_0_U  |image_filter_Filter2D_k_buf_0_val_0  |        1|  0|   0|  1920|    8|     1|        15360|
    |k_buf_2_val_1_U  |image_filter_Filter2D_k_buf_0_val_0  |        1|  0|   0|  1920|    8|     1|        15360|
    |k_buf_2_val_2_U  |image_filter_Filter2D_k_buf_0_val_0  |        1|  0|   0|  1920|    8|     1|        15360|
    +-----------------+-------------------------------------+---------+---+----+------+-----+------+-------------+
    |Total            |                                     |        9|  0|   0| 17280|   72|     9|       138240|
    +-----------------+-------------------------------------+---------+---+----+------+-----+------+-------------+

    * FIFO: 
    N/A

    * Expression: 
    +-----------------------------------------+----------+-------+---+----+------------+------------+
    |              Variable Name              | Operation| DSP48E| FF| LUT| Bitwidth P0| Bitwidth P1|
    +-----------------------------------------+----------+-------+---+----+------------+------------+
    |ImagLoc_x_fu_1023_p2                     |     +    |      0|  0|  13|           2|          13|
    |ImagLoc_y_fu_755_p2                      |     +    |      0|  0|  13|           4|          13|
    |col_assign_1_t_fu_1092_p2                |     +    |      0|  0|   2|           2|           2|
    |col_assign_2_t_fu_1108_p2                |     +    |      0|  0|   2|           2|           2|
    |col_assign_8_0_t_fu_1163_p2              |     +    |      0|  0|   2|           2|           2|
    |col_assign_8_1_t1_fu_1344_p2             |     +    |      0|  0|   2|           2|           2|
    |col_assign_8_2_t1_fu_1531_p2             |     +    |      0|  0|   2|           2|           2|
    |col_assign_9_1_0_t_fu_1390_p2            |     +    |      0|  0|   2|           2|           2|
    |col_assign_9_2_0_t_fu_1577_p2            |     +    |      0|  0|   2|           2|           2|
    |col_assign_fu_1167_p2                    |     +    |      0|  0|   2|           2|           2|
    |heightloop_fu_687_p2                     |     +    |      0|  0|  13|           3|          13|
    |i_V_fu_743_p2                            |     +    |      0|  0|  12|          12|           1|
    |j_V_fu_996_p2                            |     +    |      0|  0|  12|          12|           1|
    |ref_fu_711_p2                            |     +    |      0|  0|  13|           2|          13|
    |tmp_154_1_fu_725_p2                      |     +    |      0|  0|  13|           2|          13|
    |tmp_25_fu_651_p2                         |     +    |      0|  0|   2|           2|           1|
    |tmp_28_fu_663_p2                         |     +    |      0|  0|   2|           2|           1|
    |tmp_31_fu_675_p2                         |     +    |      0|  0|   2|           2|           1|
    |tmp_33_fu_697_p2                         |     +    |      0|  0|  13|           3|          13|
    |tmp_65_fu_719_p2                         |     +    |      0|  0|  11|           2|          11|
    |widthloop_fu_692_p2                      |     +    |      0|  0|  13|           2|          13|
    |y_2_2_1_fu_833_p2                        |     +    |      0|  0|  13|           4|          13|
    |y_2_2_fu_790_p2                          |     +    |      0|  0|  13|           4|          13|
    |locy_0_1_t_fu_969_p2                     |     -    |      0|  0|   2|           2|           2|
    |locy_0_2_t_fu_975_p2                     |     -    |      0|  0|   2|           2|           2|
    |locy_2_1_t_fu_928_p2                     |     -    |      0|  0|   2|           2|           2|
    |locy_2_2_t_fu_946_p2                     |     -    |      0|  0|   2|           2|           2|
    |locy_2_fu_902_p2                         |     -    |      0|  0|  13|          13|          13|
    |locy_fu_963_p2                           |     -    |      0|  0|   2|           2|           2|
    |col_buf_0_val_0_0_20_fu_1288_p3          |  Select  |      0|  0|   8|           1|           8|
    |col_buf_0_val_0_0_4_fu_1256_p3           |  Select  |      0|  0|   8|           1|           8|
    |col_buf_0_val_0_0_5_fu_1264_p3           |  Select  |      0|  0|   8|           1|           8|
    |col_buf_0_val_0_0_6_fu_1272_p3           |  Select  |      0|  0|   8|           1|           8|
    |col_buf_0_val_0_0_7_fu_1280_p3           |  Select  |      0|  0|   8|           1|           8|
    |col_buf_0_val_1_0_1_fu_1224_p3           |  Select  |      0|  0|   8|           1|           8|
    |col_buf_0_val_1_0_20_fu_1248_p3          |  Select  |      0|  0|   8|           1|           8|
    |col_buf_0_val_1_0_2_fu_1232_p3           |  Select  |      0|  0|   8|           1|           8|
    |col_buf_0_val_1_0_3_fu_1240_p3           |  Select  |      0|  0|   8|           1|           8|
    |col_buf_0_val_1_0_fu_1210_p3             |  Select  |      0|  0|   8|           1|           8|
    |col_buf_1_val_0_0_20_fu_1478_p3          |  Select  |      0|  0|   8|           1|           8|
    |col_buf_1_val_0_0_4_fu_1446_p3           |  Select  |      0|  0|   8|           1|           8|
    |col_buf_1_val_0_0_5_fu_1454_p3           |  Select  |      0|  0|   8|           1|           8|
    |col_buf_1_val_0_0_6_fu_1462_p3           |  Select  |      0|  0|   8|           1|           8|
    |col_buf_1_val_0_0_7_fu_1470_p3           |  Select  |      0|  0|   8|           1|           8|
    |col_buf_1_val_1_0_1_fu_1414_p3           |  Select  |      0|  0|   8|           1|           8|
    |col_buf_1_val_1_0_20_fu_1438_p3          |  Select  |      0|  0|   8|           1|           8|
    |col_buf_1_val_1_0_2_fu_1422_p3           |  Select  |      0|  0|   8|           1|           8|
    |col_buf_1_val_1_0_3_fu_1430_p3           |  Select  |      0|  0|   8|           1|           8|
    |col_buf_1_val_1_0_fu_1400_p3             |  Select  |      0|  0|   8|           1|           8|
    |col_buf_2_val_0_0_20_fu_1665_p3          |  Select  |      0|  0|   8|           1|           8|
    |col_buf_2_val_0_0_4_fu_1633_p3           |  Select  |      0|  0|   8|           1|           8|
    |col_buf_2_val_0_0_5_fu_1641_p3           |  Select  |      0|  0|   8|           1|           8|
    |col_buf_2_val_0_0_6_fu_1649_p3           |  Select  |      0|  0|   8|           1|           8|
    |col_buf_2_val_0_0_7_fu_1657_p3           |  Select  |      0|  0|   8|           1|           8|
    |col_buf_2_val_1_0_1_fu_1601_p3           |  Select  |      0|  0|   8|           1|           8|
    |col_buf_2_val_1_0_20_fu_1625_p3          |  Select  |      0|  0|   8|           1|           8|
    |col_buf_2_val_1_0_2_fu_1609_p3           |  Select  |      0|  0|   8|           1|           8|
    |col_buf_2_val_1_0_3_fu_1617_p3           |  Select  |      0|  0|   8|           1|           8|
    |col_buf_2_val_1_0_fu_1587_p3             |  Select  |      0|  0|   8|           1|           8|
    |k_buf_val_load_0_0_mux_fu_1781_p3        |  Select  |      0|  0|   8|           1|           8|
    |k_buf_val_load_0_1_mux_fu_1775_p3        |  Select  |      0|  0|   8|           1|           8|
    |k_buf_val_load_0_2_mux_fu_1769_p3        |  Select  |      0|  0|   8|           1|           8|
    |k_buf_val_load_1_0_mux_fu_1957_p3        |  Select  |      0|  0|   8|           1|           8|
    |k_buf_val_load_1_1_mux_fu_1951_p3        |  Select  |      0|  0|   8|           1|           8|
    |k_buf_val_load_1_2_mux_fu_1945_p3        |  Select  |      0|  0|   8|           1|           8|
    |k_buf_val_load_2_0_mux_fu_2140_p3        |  Select  |      0|  0|   8|           1|           8|
    |k_buf_val_load_2_1_mux_fu_2146_p3        |  Select  |      0|  0|   8|           1|           8|
    |k_buf_val_load_2_2_mux_fu_2152_p3        |  Select  |      0|  0|   8|           1|           8|
    |p_assign_4_1_fu_1136_p3                  |  Select  |      0|  0|  13|           1|           1|
    |p_assign_4_cast_fu_1113_p3               |  Select  |      0|  0|  11|           1|           1|
    |p_i_i_2_fu_890_p3                        |  Select  |      0|  0|  13|           1|           2|
    |src_kernel_win_1_val_1_0_fu_2010_p3      |  Select  |      0|  0|   8|           1|           1|
    |src_kernel_win_2_val_1_0_fu_2205_p3      |  Select  |      0|  0|   8|           1|           1|
    |src_kernel_win_val_1_0_0_7_fu_2003_p3    |  Select  |      0|  0|   8|           1|           1|
    |src_kernel_win_val_2_0_0_7_fu_2198_p3    |  Select  |      0|  0|   8|           1|           1|
    |t_2_fu_897_p3                            |  Select  |      0|  0|  13|           1|          13|
    |temp_0_i_i_i_061_i_i_1_0_0_1_fu_1898_p3  |  Select  |      0|  0|   8|           1|           8|
    |temp_0_i_i_i_061_i_i_1_0_0_2_fu_2328_p3  |  Select  |      0|  0|   8|           1|           8|
    |temp_0_i_i_i_061_i_i_1_0_1_1_fu_2423_p3  |  Select  |      0|  0|   8|           1|           8|
    |temp_0_i_i_i_061_i_i_1_0_1_2_fu_2471_p3  |  Select  |      0|  0|   8|           1|           8|
    |temp_0_i_i_i_061_i_i_1_0_1_fu_2413_p3    |  Select  |      0|  0|   8|           1|           8|
    |temp_0_i_i_i_061_i_i_1_0_2_1_fu_2543_p3  |  Select  |      0|  0|   8|           1|           8|
    |temp_0_i_i_i_061_i_i_1_0_2_fu_2533_p3    |  Select  |      0|  0|   8|           1|           8|
    |temp_0_i_i_i_061_i_i_1_1_0_1_fu_2093_p3  |  Select  |      0|  0|   8|           1|           8|
    |temp_0_i_i_i_061_i_i_1_1_0_2_fu_2358_p3  |  Select  |      0|  0|   8|           1|           8|
    |temp_0_i_i_i_061_i_i_1_1_1_1_fu_2440_p3  |  Select  |      0|  0|   8|           1|           8|
    |temp_0_i_i_i_061_i_i_1_1_1_2_fu_2490_p3  |  Select  |      0|  0|   8|           1|           8|
    |temp_0_i_i_i_061_i_i_1_1_1_fu_2430_p3    |  Select  |      0|  0|   8|           1|           8|
    |temp_0_i_i_i_061_i_i_1_1_2_1_fu_2560_p3  |  Select  |      0|  0|   8|           1|           8|
    |temp_0_i_i_i_061_i_i_1_1_2_fu_2550_p3    |  Select  |      0|  0|   8|           1|           8|
    |temp_0_i_i_i_061_i_i_1_2_0_1_fu_2288_p3  |  Select  |      0|  0|   8|           1|           8|
    |temp_0_i_i_i_061_i_i_1_2_0_2_fu_2388_p3  |  Select  |      0|  0|   8|           1|           8|
    |temp_0_i_i_i_061_i_i_1_2_1_1_fu_2457_p3  |  Select  |      0|  0|   8|           1|           8|
    |temp_0_i_i_i_061_i_i_1_2_1_2_fu_2509_p3  |  Select  |      0|  0|   8|           1|           8|
    |temp_0_i_i_i_061_i_i_1_2_1_fu_2447_p3    |  Select  |      0|  0|   8|           1|           8|
    |temp_0_i_i_i_061_i_i_1_2_2_1_fu_2577_p3  |  Select  |      0|  0|   8|           1|           8|
    |temp_0_i_i_i_061_i_i_1_2_2_fu_2567_p3    |  Select  |      0|  0|   8|           1|           8|
    |tmp_68_fu_912_p3                         |  Select  |      0|  0|   2|           1|           1|
    |tmp_69_fu_918_p3                         |  Select  |      0|  0|   2|           1|           2|
    |tmp_70_fu_934_p3                         |  Select  |      0|  0|   2|           1|           1|
    |tmp_72_fu_2588_p3                        |  Select  |      0|  0|   8|           1|           8|
    |tmp_73_fu_940_p3                         |  Select  |      0|  0|   2|           1|           2|
    |tmp_74_fu_2598_p3                        |  Select  |      0|  0|   8|           1|           8|
    |tmp_75_fu_2608_p3                        |  Select  |      0|  0|   8|           1|           8|
    |tmp_76_fu_952_p3                         |  Select  |      0|  0|   3|           1|           3|
    |x_1_fu_1142_p3                           |  Select  |      0|  0|  13|           1|          13|
    |x_fu_1119_p3                             |  Select  |      0|  0|  11|           1|          11|
    |ap_sig_bdd_1987                          |    and   |      0|  0|   1|           1|           1|
    |ap_sig_bdd_1990                          |    and   |      0|  0|   1|           1|           1|
    |ap_sig_bdd_1992                          |    and   |      0|  0|   1|           1|           1|
    |ap_sig_bdd_1994                          |    and   |      0|  0|   1|           1|           1|
    |ap_sig_bdd_1997                          |    and   |      0|  0|   1|           1|           1|
    |ap_sig_bdd_1999                          |    and   |      0|  0|   1|           1|           1|
    |ap_sig_bdd_2001                          |    and   |      0|  0|   1|           1|           1|
    |ap_sig_bdd_2003                          |    and   |      0|  0|   1|           1|           1|
    |ap_sig_bdd_2005                          |    and   |      0|  0|   1|           1|           1|
    |ap_sig_bdd_2007                          |    and   |      0|  0|   1|           1|           1|
    |ap_sig_bdd_2009                          |    and   |      0|  0|   1|           1|           1|
    |ap_sig_bdd_2011                          |    and   |      0|  0|   1|           1|           1|
    |ap_sig_bdd_676                           |    and   |      0|  0|   1|           1|           1|
    |ap_sig_bdd_821                           |    and   |      0|  0|   1|           1|           1|
    |or_cond307_i_i_fu_1018_p2                |    and   |      0|  0|   1|           1|           1|
    |or_cond_2_fu_885_p2                      |    and   |      0|  0|   1|           1|           1|
    |or_cond_i335_i_i_fu_1056_p2              |    and   |      0|  0|   1|           1|           1|
    |or_cond_i_i_i_2_1_fu_815_p2              |    and   |      0|  0|   1|           1|           1|
    |or_cond_i_i_i_2_2_fu_858_p2              |    and   |      0|  0|   1|           1|           1|
    |icmp3_fu_1012_p2                         |   icmp   |      0|  0|   4|          11|           1|
    |icmp_fu_771_p2                           |   icmp   |      0|  0|   5|          12|           1|
    |sel_tmp22_fu_1218_p2                     |   icmp   |      0|  0|   1|           2|           1|
    |sel_tmp28_fu_1394_p2                     |   icmp   |      0|  0|   1|           2|           1|
    |sel_tmp29_fu_1408_p2                     |   icmp   |      0|  0|   1|           2|           1|
    |sel_tmp30_fu_1581_p2                     |   icmp   |      0|  0|   1|           2|           1|
    |sel_tmp31_fu_1595_p2                     |   icmp   |      0|  0|   1|           2|           1|
    |sel_tmp_fu_1204_p2                       |   icmp   |      0|  0|   1|           2|           1|
    |tmp_172_2_fu_881_p2                      |   icmp   |      0|  0|   5|          13|          13|
    |tmp_178_1_fu_1087_p2                     |   icmp   |      0|  0|   5|          13|          13|
    |tmp_178_2_fu_1103_p2                     |   icmp   |      0|  0|   5|          13|          13|
    |tmp_180_2_1_fu_810_p2                    |   icmp   |      0|  0|   5|          13|          13|
    |tmp_180_2_2_fu_853_p2                    |   icmp   |      0|  0|   5|          13|          13|
    |tmp_180_2_fu_785_p2                      |   icmp   |      0|  0|   5|          13|          13|
    |tmp_227_0_0_1_fu_1892_p2                 |   icmp   |      0|  0|   3|           8|           8|
    |tmp_227_0_0_2_fu_2323_p2                 |   icmp   |      0|  0|   3|           8|           8|
    |tmp_227_0_1_1_fu_2418_p2                 |   icmp   |      0|  0|   3|           8|           8|
    |tmp_227_0_1_2_fu_2467_p2                 |   icmp   |      0|  0|   3|           8|           8|
    |tmp_227_0_1_fu_2335_p2                   |   icmp   |      0|  0|   3|           8|           8|
    |tmp_227_0_2_1_fu_2538_p2                 |   icmp   |      0|  0|   3|           8|           8|
    |tmp_227_0_2_2_fu_2584_p2                 |   icmp   |      0|  0|   3|           8|           8|
    |tmp_227_0_2_fu_2477_p2                   |   icmp   |      0|  0|   3|           8|           8|
    |tmp_227_1_0_1_fu_2087_p2                 |   icmp   |      0|  0|   3|           8|           8|
    |tmp_227_1_0_2_fu_2353_p2                 |   icmp   |      0|  0|   3|           8|           8|
    |tmp_227_1_1_1_fu_2435_p2                 |   icmp   |      0|  0|   3|           8|           8|
    |tmp_227_1_1_2_fu_2486_p2                 |   icmp   |      0|  0|   3|           8|           8|
    |tmp_227_1_1_fu_2365_p2                   |   icmp   |      0|  0|   3|           8|           8|
    |tmp_227_1_2_1_fu_2555_p2                 |   icmp   |      0|  0|   3|           8|           8|
    |tmp_227_1_2_2_fu_2594_p2                 |   icmp   |      0|  0|   3|           8|           8|
    |tmp_227_1_2_fu_2496_p2                   |   icmp   |      0|  0|   3|           8|           8|
    |tmp_227_2_0_1_fu_2282_p2                 |   icmp   |      0|  0|   3|           8|           8|
    |tmp_227_2_0_2_fu_2383_p2                 |   icmp   |      0|  0|   3|           8|           8|
    |tmp_227_2_1_1_fu_2452_p2                 |   icmp   |      0|  0|   3|           8|           8|
    |tmp_227_2_1_2_fu_2505_p2                 |   icmp   |      0|  0|   3|           8|           8|
    |tmp_227_2_1_fu_2395_p2                   |   icmp   |      0|  0|   3|           8|           8|
    |tmp_227_2_2_1_fu_2572_p2                 |   icmp   |      0|  0|   3|           8|           8|
    |tmp_227_2_2_2_fu_2604_p2                 |   icmp   |      0|  0|   3|           8|           8|
    |tmp_227_2_2_fu_2515_p2                   |   icmp   |      0|  0|   3|           8|           8|
    |tmp_26_fu_657_p2                         |   icmp   |      0|  0|   2|           2|           3|
    |tmp_29_fu_669_p2                         |   icmp   |      0|  0|   2|           2|           3|
    |tmp_32_fu_681_p2                         |   icmp   |      0|  0|   2|           2|           3|
    |tmp_35_fu_738_p2                         |   icmp   |      0|  0|   5|          13|          13|
    |tmp_36_fu_749_p2                         |   icmp   |      0|  0|   5|          12|           3|
    |tmp_38_fu_991_p2                         |   icmp   |      0|  0|   5|          13|          13|
    |tmp_63_fu_1051_p2                        |   icmp   |      0|  0|   5|          13|          13|
    |tmp_67_fu_876_p2                         |   icmp   |      0|  0|   5|          13|           2|
    |tmp_71_fu_1076_p2                        |   icmp   |      0|  0|   5|          13|          13|
    |ap_sig_bdd_210                           |    or    |      0|  0|   1|           1|           1|
    |ap_sig_bdd_238                           |    or    |      0|  0|   1|           1|           1|
    |ap_sig_bdd_67                            |    or    |      0|  0|   1|           1|           1|
    |brmerge1_fu_981_p2                       |    or    |      0|  0|   1|           1|           1|
    |brmerge3_fu_1081_p2                      |    or    |      0|  0|   1|           1|           1|
    |brmerge4_fu_1097_p2                      |    or    |      0|  0|   1|           1|           1|
    |brmerge_fu_1070_p2                       |    or    |      0|  0|   1|           1|           1|
    |p_neg313_i_i_cast_fu_705_p2              |    xor   |      0|  0|   2|           2|           2|
    |rev4_fu_847_p2                           |    xor   |      0|  0|   2|           1|           2|
    |rev5_fu_1045_p2                          |    xor   |      0|  0|   2|           1|           2|
    |rev_fu_804_p2                            |    xor   |      0|  0|   2|           1|           2|
    +-----------------------------------------+----------+-------+---+----+------------+------------+
    |Total                                    |          |      0|  0|1005|         594|        1108|
    +-----------------------------------------+----------+-------+---+----+------------+------------+

    * Multiplexer: 
    +---------------------------------+----+-----------+-----+-----------+
    |               Name              | LUT| Input Size| Bits| Total Bits|
    +---------------------------------+----+-----------+-----+-----------+
    |ap_NS_fsm                        |   4|          9|    1|          9|
    |ap_reg_ppiten_pp0_it1            |   1|          2|    1|          2|
    |ap_reg_ppiten_pp0_it4            |   1|          2|    1|          2|
    |ap_reg_ppiten_pp0_it9            |   1|          2|    1|          2|
    |k_buf_1_val_1_address1           |  11|          3|   11|         33|
    |k_buf_2_val_1_address1           |  11|          3|   11|         33|
    |p_016_0_i_i_reg_621              |  12|          2|   12|         24|
    |p_029_0_i_i_reg_632              |  12|          2|   12|         24|
    |src_kernel_win_0_val_0_1_fu_202  |   8|          4|    8|         32|
    |src_kernel_win_0_val_1_1_fu_214  |   8|          4|    8|         32|
    |src_kernel_win_0_val_2_1_fu_226  |   8|          4|    8|         32|
    |src_kernel_win_1_val_0_1_fu_238  |   8|          4|    8|         32|
    |src_kernel_win_1_val_1_1_fu_250  |   8|          4|    8|         32|
    |src_kernel_win_1_val_2_1_fu_262  |   8|          5|    8|         40|
    |src_kernel_win_2_val_0_1_fu_270  |   8|          4|    8|         32|
    |src_kernel_win_2_val_1_1_fu_246  |   8|          4|    8|         32|
    |src_kernel_win_2_val_2_1_fu_222  |   8|          5|    8|         40|
    |tmp_24_reg_588                   |   2|          2|    2|          4|
    |tmp_27_reg_599                   |   2|          2|    2|          4|
    |tmp_30_reg_610                   |   2|          2|    2|          4|
    +---------------------------------+----+-----------+-----+-----------+
    |Total                            | 131|         69|  128|        445|
    +---------------------------------+----+-----------+-----+-----------+

    * Register: 
    +-----------------------------------------------------------+----+----+-----+-----------+
    |                            Name                           | FF | LUT| Bits| Const Bits|
    +-----------------------------------------------------------+----+----+-----+-----------+
    |ImagLoc_x_reg_3169                                         |  13|   0|   13|          0|
    |ImagLoc_y_reg_3068                                         |  13|   0|   13|          0|
    |ap_CS_fsm                                                  |   8|   0|    8|          0|
    |ap_done_reg                                                |   1|   0|    1|          0|
    |ap_reg_ppiten_pp0_it0                                      |   1|   0|    1|          0|
    |ap_reg_ppiten_pp0_it1                                      |   1|   0|    1|          0|
    |ap_reg_ppiten_pp0_it2                                      |   1|   0|    1|          0|
    |ap_reg_ppiten_pp0_it3                                      |   1|   0|    1|          0|
    |ap_reg_ppiten_pp0_it4                                      |   1|   0|    1|          0|
    |ap_reg_ppiten_pp0_it5                                      |   1|   0|    1|          0|
    |ap_reg_ppiten_pp0_it6                                      |   1|   0|    1|          0|
    |ap_reg_ppiten_pp0_it7                                      |   1|   0|    1|          0|
    |ap_reg_ppiten_pp0_it8                                      |   1|   0|    1|          0|
    |ap_reg_ppiten_pp0_it9                                      |   1|   0|    1|          0|
    |ap_reg_ppstg_col_assign_1_t_reg_3223_pp0_it1               |   2|   0|    2|          0|
    |ap_reg_ppstg_col_assign_2_t_reg_3235_pp0_it1               |   2|   0|    2|          0|
    |ap_reg_ppstg_src_kernel_win_0_val_1_1_3_reg_3425_pp0_it4   |   8|   0|    8|          0|
    |ap_reg_ppstg_src_kernel_win_0_val_1_1_lo_reg_3484_pp0_it5  |   8|   0|    8|          0|
    |ap_reg_ppstg_src_kernel_win_1_val_1_1_3_reg_3446_pp0_it4   |   8|   0|    8|          0|
    |ap_reg_ppstg_src_kernel_win_1_val_1_1_lo_reg_3511_pp0_it5  |   8|   0|    8|          0|
    |ap_reg_ppstg_src_kernel_win_2_val_1_1_3_reg_3439_pp0_it4   |   8|   0|    8|          0|
    |ap_reg_ppstg_src_kernel_win_2_val_1_1_lo_reg_3537_pp0_it5  |   8|   0|    8|          0|
    |ap_reg_ppstg_tmp_132_reg_3174_pp0_it1                      |   2|   0|    2|          0|
    |ap_reg_ppstg_tmp_178_1_reg_3219_pp0_it1                    |   1|   0|    1|          0|
    |ap_reg_ppstg_tmp_178_2_reg_3231_pp0_it1                    |   1|   0|    1|          0|
    |ap_reg_ppstg_tmp_71_reg_3211_pp0_it1                       |   1|   0|    1|          0|
    |brmerge1_reg_3152                                          |   1|   0|    1|          0|
    |brmerge3_reg_3215                                          |   1|   0|    1|          0|
    |brmerge4_reg_3227                                          |   1|   0|    1|          0|
    |brmerge_reg_3207                                           |   1|   0|    1|          0|
    |col_assign_1_t_reg_3223                                    |   2|   0|    2|          0|
    |col_assign_2_t_reg_3235                                    |   2|   0|    2|          0|
    |col_assign_8_0_t_reg_3328                                  |   2|   0|    2|          0|
    |col_assign_8_1_t1_reg_3371                                 |   2|   0|    2|          0|
    |col_assign_8_2_t1_reg_3411                                 |   2|   0|    2|          0|
    |col_buf_0_val_0_0_16_fu_286                                |   8|   0|    8|          0|
    |col_buf_0_val_0_0_17_fu_290                                |   8|   0|    8|          0|
    |col_buf_0_val_0_0_18_fu_294                                |   8|   0|    8|          0|
    |col_buf_0_val_1_0_15_fu_274                                |   8|   0|    8|          0|
    |col_buf_0_val_1_0_16_fu_278                                |   8|   0|    8|          0|
    |col_buf_0_val_1_0_18_fu_282                                |   8|   0|    8|          0|
    |col_buf_1_val_0_0_16_fu_310                                |   8|   0|    8|          0|
    |col_buf_1_val_0_0_17_fu_314                                |   8|   0|    8|          0|
    |col_buf_1_val_0_0_18_fu_318                                |   8|   0|    8|          0|
    |col_buf_1_val_1_0_15_fu_298                                |   8|   0|    8|          0|
    |col_buf_1_val_1_0_16_fu_302                                |   8|   0|    8|          0|
    |col_buf_1_val_1_0_18_fu_306                                |   8|   0|    8|          0|
    |col_buf_2_val_0_0_16_fu_334                                |   8|   0|    8|          0|
    |col_buf_2_val_0_0_17_fu_338                                |   8|   0|    8|          0|
    |col_buf_2_val_0_0_18_fu_342                                |   8|   0|    8|          0|
    |col_buf_2_val_1_0_15_fu_322                                |   8|   0|    8|          0|
    |col_buf_2_val_1_0_16_fu_326                                |   8|   0|    8|          0|
    |col_buf_2_val_1_0_18_fu_330                                |   8|   0|    8|          0|
    |cols_assign_cast_reg_2698                                  |  12|   0|   13|          1|
    |heightloop_reg_3002                                        |  13|   0|   13|          0|
    |i_V_reg_3058                                               |  12|   0|   12|          0|
    |icmp_reg_3075                                              |   1|   0|    1|          0|
    |k_buf_0_val_0_addr_reg_3239                                |  11|   0|   11|          0|
    |k_buf_0_val_1_addr_reg_3245                                |  11|   0|   11|          0|
    |k_buf_0_val_2_addr_reg_3251                                |  11|   0|   11|          0|
    |locy_0_1_t_reg_3142                                        |   2|   0|    2|          0|
    |locy_0_2_t_reg_3147                                        |   2|   0|    2|          0|
    |locy_2_1_t_reg_3125                                        |   2|   0|    2|          0|
    |locy_2_2_t_reg_3131                                        |   2|   0|    2|          0|
    |locy_reg_3137                                              |   2|   0|    2|          0|
    |or_cond307_i_i_reg_3165                                    |   1|   0|    1|          0|
    |or_cond_i335_i_i_reg_3186                                  |   1|   0|    1|          0|
    |or_cond_i_i_i_2_1_reg_3089                                 |   1|   0|    1|          0|
    |or_cond_i_i_i_2_2_reg_3104                                 |   1|   0|    1|          0|
    |p_016_0_i_i_reg_621                                        |  12|   0|   12|          0|
    |p_029_0_i_i_reg_632                                        |  12|   0|   12|          0|
    |p_neg313_i_i_cast_reg_3019                                 |   2|   0|    2|          0|
    |ref_reg_3031                                               |  13|   0|   13|          0|
    |right_border_buf_0_val_0_0_fu_154                          |   8|   0|    8|          0|
    |right_border_buf_0_val_0_1_fu_158                          |   8|   0|    8|          0|
    |right_border_buf_0_val_0_2_fu_162                          |   8|   0|    8|          0|
    |right_border_buf_1_val_0_0_fu_166                          |   8|   0|    8|          0|
    |right_border_buf_1_val_0_1_fu_170                          |   8|   0|    8|          0|
    |right_border_buf_1_val_0_2_fu_174                          |   8|   0|    8|          0|
    |right_border_buf_2_val_0_0_fu_178                          |   8|   0|    8|          0|
    |right_border_buf_2_val_0_1_fu_182                          |   8|   0|    8|          0|
    |right_border_buf_2_val_0_2_fu_186                          |   8|   0|    8|          0|
    |rows_assign_cast_reg_2689                                  |  12|   0|   13|          1|
    |src_kernel_win_0_val_0_0_11_reg_3301                       |   8|   0|    8|          0|
    |src_kernel_win_0_val_0_1_3_reg_3418                        |   8|   0|    8|          0|
    |src_kernel_win_0_val_0_1_fu_202                            |   8|   0|    8|          0|
    |src_kernel_win_0_val_0_1_lo_reg_3478                       |   8|   0|    8|          0|
    |src_kernel_win_0_val_0_2_fu_206                            |   8|   0|    8|          0|
    |src_kernel_win_0_val_0_2_lo_reg_3577                       |   8|   0|    8|          0|
    |src_kernel_win_0_val_1_0_11_reg_3310                       |   8|   0|    8|          0|
    |src_kernel_win_0_val_1_1_3_reg_3425                        |   8|   0|    8|          0|
    |src_kernel_win_0_val_1_1_fu_214                            |   8|   0|    8|          0|
    |src_kernel_win_0_val_1_1_lo_reg_3484                       |   8|   0|    8|          0|
    |src_kernel_win_0_val_1_2_fu_218                            |   8|   0|    8|          0|
    |src_kernel_win_0_val_1_2_lo_reg_3490                       |   8|   0|    8|          0|
    |src_kernel_win_0_val_2_0_reg_3319                          |   8|   0|    8|          0|
    |src_kernel_win_0_val_2_1_fu_226                            |   8|   0|    8|          0|
    |src_kernel_win_0_val_2_2_fu_230                            |   8|   0|    8|          0|
    |src_kernel_win_1_val_0_0_10_reg_3338                       |   8|   0|    8|          0|
    |src_kernel_win_1_val_0_1_3_reg_3432                        |   8|   0|    8|          0|
    |src_kernel_win_1_val_0_1_fu_238                            |   8|   0|    8|          0|
    |src_kernel_win_1_val_0_1_lo_reg_3505                       |   8|   0|    8|          0|
    |src_kernel_win_1_val_0_2_fu_242                            |   8|   0|    8|          0|
    |src_kernel_win_1_val_0_2_lo_reg_3592                       |   8|   0|    8|          0|
    |src_kernel_win_1_val_1_0_12_reg_3347                       |   8|   0|    8|          0|
    |src_kernel_win_1_val_1_1_3_reg_3446                        |   8|   0|    8|          0|
    |src_kernel_win_1_val_1_1_fu_250                            |   8|   0|    8|          0|
    |src_kernel_win_1_val_1_1_lo_reg_3511                       |   8|   0|    8|          0|
    |src_kernel_win_1_val_1_2_fu_254                            |   8|   0|    8|          0|
    |src_kernel_win_1_val_1_2_lo_reg_3517                       |   8|   0|    8|          0|
    |src_kernel_win_1_val_2_0_reg_3356                          |   8|   0|    8|          0|
    |src_kernel_win_1_val_2_1_fu_262                            |   8|   0|    8|          0|
    |src_kernel_win_1_val_2_2_fu_266                            |   8|   0|    8|          0|
    |src_kernel_win_2_val_0_0_10_reg_3378                       |   8|   0|    8|          0|
    |src_kernel_win_2_val_0_1_3_reg_3453                        |   8|   0|    8|          0|
    |src_kernel_win_2_val_0_1_fu_270                            |   8|   0|    8|          0|
    |src_kernel_win_2_val_0_1_lo_reg_3543                       |   8|   0|    8|          0|
    |src_kernel_win_2_val_0_2_fu_258                            |   8|   0|    8|          0|
    |src_kernel_win_2_val_0_2_lo_reg_3607                       |   8|   0|    8|          0|
    |src_kernel_win_2_val_1_0_12_reg_3387                       |   8|   0|    8|          0|
    |src_kernel_win_2_val_1_1_3_reg_3439                        |   8|   0|    8|          0|
    |src_kernel_win_2_val_1_1_fu_246                            |   8|   0|    8|          0|
    |src_kernel_win_2_val_1_1_lo_reg_3537                       |   8|   0|    8|          0|
    |src_kernel_win_2_val_1_2_fu_234                            |   8|   0|    8|          0|
    |src_kernel_win_2_val_1_2_lo_reg_3532                       |   8|   0|    8|          0|
    |src_kernel_win_2_val_2_0_reg_3396                          |   8|   0|    8|          0|
    |src_kernel_win_2_val_2_1_fu_222                            |   8|   0|    8|          0|
    |src_kernel_win_2_val_2_2_fu_210                            |   8|   0|    8|          0|
    |temp_0_i_i_i_061_i_i_1_0_0_1_reg_3460                      |   8|   0|    8|          0|
    |temp_0_i_i_i_061_i_i_1_0_0_2_reg_3495                      |   8|   0|    8|          0|
    |temp_0_i_i_i_061_i_i_1_0_1_1_reg_3559                      |   8|   0|    8|          0|
    |temp_0_i_i_i_061_i_i_1_0_1_2_reg_3582                      |   8|   0|    8|          0|
    |temp_0_i_i_i_061_i_i_1_0_2_1_reg_3622                      |   8|   0|    8|          0|
    |temp_0_i_i_i_061_i_i_1_1_0_1_reg_3466                      |   8|   0|    8|          0|
    |temp_0_i_i_i_061_i_i_1_1_0_2_reg_3522                      |   8|   0|    8|          0|
    |temp_0_i_i_i_061_i_i_1_1_1_1_reg_3565                      |   8|   0|    8|          0|
    |temp_0_i_i_i_061_i_i_1_1_1_2_reg_3597                      |   8|   0|    8|          0|
    |temp_0_i_i_i_061_i_i_1_1_2_1_reg_3628                      |   8|   0|    8|          0|
    |temp_0_i_i_i_061_i_i_1_2_0_1_reg_3472                      |   8|   0|    8|          0|
    |temp_0_i_i_i_061_i_i_1_2_0_2_reg_3549                      |   8|   0|    8|          0|
    |temp_0_i_i_i_061_i_i_1_2_1_1_reg_3571                      |   8|   0|    8|          0|
    |temp_0_i_i_i_061_i_i_1_2_1_2_reg_3612                      |   8|   0|    8|          0|
    |temp_0_i_i_i_061_i_i_1_2_2_1_reg_3634                      |   8|   0|    8|          0|
    |tmp_119_reg_3048                                           |   2|   0|    2|          0|
    |tmp_121_reg_3080                                           |   1|   0|    1|          0|
    |tmp_122_reg_3119                                           |   2|   0|    2|          0|
    |tmp_124_reg_3094                                           |   1|   0|    1|          0|
    |tmp_125_reg_3099                                           |   2|   0|    2|          0|
    |tmp_128_reg_3109                                           |   1|   0|    1|          0|
    |tmp_129_reg_3114                                           |   2|   0|    2|          0|
    |tmp_132_reg_3174                                           |   2|   0|    2|          0|
    |tmp_133_reg_3181                                           |  11|   0|   11|          0|
    |tmp_135_reg_3192                                           |   1|   0|    1|          0|
    |tmp_136_reg_3257                                           |   2|   0|    2|          0|
    |tmp_138_reg_3365                                           |   1|   0|    1|          0|
    |tmp_141_reg_3405                                           |   1|   0|    1|          0|
    |tmp_154_1_reg_3043                                         |  13|   0|   13|          0|
    |tmp_178_1_reg_3219                                         |   1|   0|    1|          0|
    |tmp_178_2_reg_3231                                         |   1|   0|    1|          0|
    |tmp_180_2_reg_3084                                         |   1|   0|    1|          0|
    |tmp_227_0_1_reg_3500                                       |   1|   0|    1|          0|
    |tmp_227_0_2_reg_3587                                       |   1|   0|    1|          0|
    |tmp_227_1_1_reg_3527                                       |   1|   0|    1|          0|
    |tmp_227_1_2_reg_3602                                       |   1|   0|    1|          0|
    |tmp_227_2_1_reg_3554                                       |   1|   0|    1|          0|
    |tmp_227_2_2_reg_3617                                       |   1|   0|    1|          0|
    |tmp_24_reg_588                                             |   2|   0|    2|          0|
    |tmp_27_reg_599                                             |   2|   0|    2|          0|
    |tmp_30_reg_610                                             |   2|   0|    2|          0|
    |tmp_33_reg_3012                                            |  13|   0|   13|          0|
    |tmp_36_reg_3063                                            |   1|   0|    1|          0|
    |tmp_38_reg_3156                                            |   1|   0|    1|          0|
    |tmp_65_reg_3038                                            |  11|   0|   11|          0|
    |tmp_71_reg_3211                                            |   1|   0|    1|          0|
    |tmp_72_reg_3640                                            |   8|   0|    8|          0|
    |tmp_74_reg_3645                                            |   8|   0|    8|          0|
    |tmp_75_reg_3650                                            |   8|   0|    8|          0|
    |widthloop_reg_3007                                         |  13|   0|   13|          0|
    |x_1_reg_3262                                               |  13|   0|   13|          0|
    |brmerge3_reg_3215                                          |   0|   1|    1|          0|
    |brmerge4_reg_3227                                          |   0|   1|    1|          0|
    |brmerge_reg_3207                                           |   0|   1|    1|          0|
    |or_cond307_i_i_reg_3165                                    |   0|   1|    1|          0|
    |or_cond_i335_i_i_reg_3186                                  |   0|   1|    1|          0|
    |src_kernel_win_0_val_0_1_3_reg_3418                        |   0|   8|    8|          0|
    |src_kernel_win_0_val_0_1_lo_reg_3478                       |   0|   8|    8|          0|
    |src_kernel_win_1_val_0_1_3_reg_3432                        |   0|   8|    8|          0|
    |src_kernel_win_1_val_0_1_lo_reg_3505                       |   0|   8|    8|          0|
    |src_kernel_win_2_val_0_1_3_reg_3453                        |   0|   8|    8|          0|
    |src_kernel_win_2_val_0_1_lo_reg_3543                       |   0|   8|    8|          0|
    |tmp_135_reg_3192                                           |   0|   1|    1|          0|
    |tmp_38_reg_3156                                            |   0|   1|    1|          0|
    +-----------------------------------------------------------+----+----+-----+-----------+
    |Total                                                      |1082|  55| 1139|          2|
    +-----------------------------------------------------------+----+----+-----+-----------+



================================================================
== Interface
================================================================
* Summary: 
+-------------------------------+-----+-----+------------+-----------------------------------------+--------------+
|           RTL Ports           | Dir | Bits|  Protocol  |              Source Object              |    C Type    |
+-------------------------------+-----+-----+------------+-----------------------------------------+--------------+
|ap_clk                         |  in |    1| ap_ctrl_hs | image_filter_Dilate<32, 32, 1080, 1920> | return value |
|ap_rst                         |  in |    1| ap_ctrl_hs | image_filter_Dilate<32, 32, 1080, 1920> | return value |
|ap_start                       |  in |    1| ap_ctrl_hs | image_filter_Dilate<32, 32, 1080, 1920> | return value |
|ap_done                        | out |    1| ap_ctrl_hs | image_filter_Dilate<32, 32, 1080, 1920> | return value |
|ap_continue                    |  in |    1| ap_ctrl_hs | image_filter_Dilate<32, 32, 1080, 1920> | return value |
|ap_idle                        | out |    1| ap_ctrl_hs | image_filter_Dilate<32, 32, 1080, 1920> | return value |
|ap_ready                       | out |    1| ap_ctrl_hs | image_filter_Dilate<32, 32, 1080, 1920> | return value |
|p_src_rows_V_read              |  in |   12|   ap_none  |            p_src_rows_V_read            |    scalar    |
|p_src_cols_V_read              |  in |   12|   ap_none  |            p_src_cols_V_read            |    scalar    |
|p_src_data_stream_0_V_dout     |  in |    8|   ap_fifo  |          p_src_data_stream_0_V          |    pointer   |
|p_src_data_stream_0_V_empty_n  |  in |    1|   ap_fifo  |          p_src_data_stream_0_V          |    pointer   |
|p_src_data_stream_0_V_read     | out |    1|   ap_fifo  |          p_src_data_stream_0_V          |    pointer   |
|p_src_data_stream_1_V_dout     |  in |    8|   ap_fifo  |          p_src_data_stream_1_V          |    pointer   |
|p_src_data_stream_1_V_empty_n  |  in |    1|   ap_fifo  |          p_src_data_stream_1_V          |    pointer   |
|p_src_data_stream_1_V_read     | out |    1|   ap_fifo  |          p_src_data_stream_1_V          |    pointer   |
|p_src_data_stream_2_V_dout     |  in |    8|   ap_fifo  |          p_src_data_stream_2_V          |    pointer   |
|p_src_data_stream_2_V_empty_n  |  in |    1|   ap_fifo  |          p_src_data_stream_2_V          |    pointer   |
|p_src_data_stream_2_V_read     | out |    1|   ap_fifo  |          p_src_data_stream_2_V          |    pointer   |
|p_dst_data_stream_0_V_din      | out |    8|   ap_fifo  |          p_dst_data_stream_0_V          |    pointer   |
|p_dst_data_stream_0_V_full_n   |  in |    1|   ap_fifo  |          p_dst_data_stream_0_V          |    pointer   |
|p_dst_data_stream_0_V_write    | out |    1|   ap_fifo  |          p_dst_data_stream_0_V          |    pointer   |
|p_dst_data_stream_1_V_din      | out |    8|   ap_fifo  |          p_dst_data_stream_1_V          |    pointer   |
|p_dst_data_stream_1_V_full_n   |  in |    1|   ap_fifo  |          p_dst_data_stream_1_V          |    pointer   |
|p_dst_data_stream_1_V_write    | out |    1|   ap_fifo  |          p_dst_data_stream_1_V          |    pointer   |
|p_dst_data_stream_2_V_din      | out |    8|   ap_fifo  |          p_dst_data_stream_2_V          |    pointer   |
|p_dst_data_stream_2_V_full_n   |  in |    1|   ap_fifo  |          p_dst_data_stream_2_V          |    pointer   |
|p_dst_data_stream_2_V_write    | out |    1|   ap_fifo  |          p_dst_data_stream_2_V          |    pointer   |
+-------------------------------+-----+-----+------------+-----------------------------------------+--------------+

