

================================================================
== Vivado HLS Report for 'image_filter_Block_Mat_exit2013_proc'
================================================================
* Date:           Fri Sep 11 21:49:25 2015

* Version:        2015.2 (Build 1266856 on Fri Jun 26 16:57:37 PM 2015)
* Project:        prj
* Solution:       solution1
* Product family: zynq
* Target device:  xc7z020clg484-1


================================================================
== Performance Estimates
================================================================
+ Timing (ns): 
    * Summary: 
    +--------+-------+----------+------------+
    |  Clock | Target| Estimated| Uncertainty|
    +--------+-------+----------+------------+
    |ap_clk  |   6.67|      2.92|        0.83|
    +--------+-------+----------+------------+

+ Latency (clock cycles): 
    * Summary: 
    +-----+-----+-----+-----+---------+
    |  Latency  |  Interval | Pipeline|
    | min | max | min | max |   Type  |
    +-----+-----+-----+-----+---------+
    |    0|    0|    0|    0|   none  |
    +-----+-----+-----+-----+---------+

    + Detail: 
        * Instance: 
        N/A

        * Loop: 
        N/A



================================================================
== Utilization Estimates
================================================================
* Summary: 
+-----------------+---------+-------+--------+-------+
|       Name      | BRAM_18K| DSP48E|   FF   |  LUT  |
+-----------------+---------+-------+--------+-------+
|Expression       |        -|      -|       0|      1|
|FIFO             |        -|      -|       -|      -|
|Instance         |        -|      -|       -|      -|
|Memory           |        -|      -|       -|      -|
|Multiplexer      |        -|      -|       -|    120|
|Register         |        -|      -|     122|      -|
+-----------------+---------+-------+--------+-------+
|Total            |        0|      0|     122|    121|
+-----------------+---------+-------+--------+-------+
|Available        |      280|    220|  106400|  53200|
+-----------------+---------+-------+--------+-------+
|Utilization (%)  |        0|      0|   ~0   |   ~0  |
+-----------------+---------+-------+--------+-------+

+ Detail: 
    * Instance: 
    N/A

    * Memory: 
    N/A

    * FIFO: 
    N/A

    * Expression: 
    +---------------+----------+-------+---+----+------------+------------+
    | Variable Name | Operation| DSP48E| FF| LUT| Bitwidth P0| Bitwidth P1|
    +---------------+----------+-------+---+----+------------+------------+
    |ap_sig_bdd_68  |    or    |      0|  0|   1|           1|           1|
    +---------------+----------+-------+---+----+------------+------------+
    |Total          |          |      0|  0|   1|           1|           1|
    +---------------+----------+-------+---+----+------------+------------+

    * Multiplexer: 
    +-------------+----+-----------+-----+-----------+
    |     Name    | LUT| Input Size| Bits| Total Bits|
    +-------------+----+-----------+-----+-----------+
    |ap_return_0  |  12|          2|   12|         24|
    |ap_return_1  |  12|          2|   12|         24|
    |ap_return_2  |  12|          2|   12|         24|
    |ap_return_3  |  12|          2|   12|         24|
    |ap_return_4  |  12|          2|   12|         24|
    |ap_return_5  |  12|          2|   12|         24|
    |ap_return_6  |  12|          2|   12|         24|
    |ap_return_7  |  12|          2|   12|         24|
    |ap_return_8  |  12|          2|   12|         24|
    |ap_return_9  |  12|          2|   12|         24|
    +-------------+----+-----------+-----+-----------+
    |Total        | 120|         20|  120|        240|
    +-------------+----+-----------+-----+-----------+

    * Register: 
    +------------------+----+----+-----+-----------+
    |       Name       | FF | LUT| Bits| Const Bits|
    +------------------+----+----+-----+-----------+
    |ap_CS_fsm         |   1|   0|    1|          0|
    |ap_done_reg       |   1|   0|    1|          0|
    |ap_return_0_preg  |  12|   0|   12|          0|
    |ap_return_1_preg  |  12|   0|   12|          0|
    |ap_return_2_preg  |  12|   0|   12|          0|
    |ap_return_3_preg  |  12|   0|   12|          0|
    |ap_return_4_preg  |  12|   0|   12|          0|
    |ap_return_5_preg  |  12|   0|   12|          0|
    |ap_return_6_preg  |  12|   0|   12|          0|
    |ap_return_7_preg  |  12|   0|   12|          0|
    |ap_return_8_preg  |  12|   0|   12|          0|
    |ap_return_9_preg  |  12|   0|   12|          0|
    +------------------+----+----+-----+-----------+
    |Total             | 122|   0|  122|          0|
    +------------------+----+----+-----+-----------+



================================================================
== Interface
================================================================
* Summary: 
+--------------------------+-----+-----+------------+--------------------------------------+--------------+
|         RTL Ports        | Dir | Bits|  Protocol  |             Source Object            |    C Type    |
+--------------------------+-----+-----+------------+--------------------------------------+--------------+
|ap_clk                    |  in |    1| ap_ctrl_hs | image_filter_Block_Mat.exit2013_proc | return value |
|ap_rst                    |  in |    1| ap_ctrl_hs | image_filter_Block_Mat.exit2013_proc | return value |
|ap_start                  |  in |    1| ap_ctrl_hs | image_filter_Block_Mat.exit2013_proc | return value |
|ap_done                   | out |    1| ap_ctrl_hs | image_filter_Block_Mat.exit2013_proc | return value |
|ap_continue               |  in |    1| ap_ctrl_hs | image_filter_Block_Mat.exit2013_proc | return value |
|ap_idle                   | out |    1| ap_ctrl_hs | image_filter_Block_Mat.exit2013_proc | return value |
|ap_ready                  | out |    1| ap_ctrl_hs | image_filter_Block_Mat.exit2013_proc | return value |
|ap_return_0               | out |   12| ap_ctrl_hs | image_filter_Block_Mat.exit2013_proc | return value |
|ap_return_1               | out |   12| ap_ctrl_hs | image_filter_Block_Mat.exit2013_proc | return value |
|ap_return_2               | out |   12| ap_ctrl_hs | image_filter_Block_Mat.exit2013_proc | return value |
|ap_return_3               | out |   12| ap_ctrl_hs | image_filter_Block_Mat.exit2013_proc | return value |
|ap_return_4               | out |   12| ap_ctrl_hs | image_filter_Block_Mat.exit2013_proc | return value |
|ap_return_5               | out |   12| ap_ctrl_hs | image_filter_Block_Mat.exit2013_proc | return value |
|ap_return_6               | out |   12| ap_ctrl_hs | image_filter_Block_Mat.exit2013_proc | return value |
|ap_return_7               | out |   12| ap_ctrl_hs | image_filter_Block_Mat.exit2013_proc | return value |
|ap_return_8               | out |   12| ap_ctrl_hs | image_filter_Block_Mat.exit2013_proc | return value |
|ap_return_9               | out |   12| ap_ctrl_hs | image_filter_Block_Mat.exit2013_proc | return value |
|rows                      |  in |   32|  ap_stable |                 rows                 |    scalar    |
|cols                      |  in |   32|  ap_stable |                 cols                 |    scalar    |
|img_0_rows_V_out_din      | out |   12|   ap_fifo  |           img_0_rows_V_out           |    pointer   |
|img_0_rows_V_out_full_n   |  in |    1|   ap_fifo  |           img_0_rows_V_out           |    pointer   |
|img_0_rows_V_out_write    | out |    1|   ap_fifo  |           img_0_rows_V_out           |    pointer   |
|img_0_rows_V_out1_din     | out |   12|   ap_fifo  |           img_0_rows_V_out1          |    pointer   |
|img_0_rows_V_out1_full_n  |  in |    1|   ap_fifo  |           img_0_rows_V_out1          |    pointer   |
|img_0_rows_V_out1_write   | out |    1|   ap_fifo  |           img_0_rows_V_out1          |    pointer   |
|img_0_cols_V_out_din      | out |   12|   ap_fifo  |           img_0_cols_V_out           |    pointer   |
|img_0_cols_V_out_full_n   |  in |    1|   ap_fifo  |           img_0_cols_V_out           |    pointer   |
|img_0_cols_V_out_write    | out |    1|   ap_fifo  |           img_0_cols_V_out           |    pointer   |
|img_0_cols_V_out2_din     | out |   12|   ap_fifo  |           img_0_cols_V_out2          |    pointer   |
|img_0_cols_V_out2_full_n  |  in |    1|   ap_fifo  |           img_0_cols_V_out2          |    pointer   |
|img_0_cols_V_out2_write   | out |    1|   ap_fifo  |           img_0_cols_V_out2          |    pointer   |
+--------------------------+-----+-----+------------+--------------------------------------+--------------+

